/weka/macke/mgloeckler90/dmri/figures/all_fig/./eval_fods.py:931: UserWarning: Pass ['bvecs'] as keyword args. From version 2.0.0 passing these as positional arguments will result in an error. 
  gtab = gradient_table(bvals, bvecs)
INFO:root:Continuing from step 2000000
INFO:__main__:Resuming b3t: 44672/227840 voxels already computed.
INFO:__main__:b3t resume: starting at index 44500.
INFO:__main__:b3t batch 44500:45000
INFO:__main__:b3t batch 45000:45500
INFO:__main__:b3t batch 45500:46000
INFO:__main__:b3t batch 46000:46500
INFO:__main__:b3t batch 46500:47000
INFO:__main__:b3t batch 47000:47500
INFO:__main__:b3t batch 47500:48000
INFO:__main__:b3t batch 48000:48500
INFO:__main__:b3t batch 48500:49000
INFO:__main__:b3t batch 49000:49500
INFO:__main__:b3t batch 49500:50000
INFO:__main__:b3t batch 50000:50500
INFO:__main__:b3t batch 50500:51000
INFO:__main__:b3t batch 51000:51500
INFO:__main__:b3t batch 51500:52000
INFO:__main__:b3t batch 52000:52500
INFO:__main__:b3t batch 52500:53000
INFO:__main__:b3t batch 53000:53500
INFO:__main__:b3t batch 53500:54000
INFO:__main__:b3t batch 54000:54500
INFO:__main__:b3t batch 54500:55000
INFO:__main__:b3t batch 55000:55500
INFO:__main__:b3t batch 55500:56000
INFO:__main__:b3t batch 56000:56500
INFO:__main__:b3t batch 56500:57000
INFO:__main__:b3t batch 57000:57500
INFO:__main__:b3t batch 57500:58000
INFO:__main__:b3t batch 58000:58500
INFO:__main__:b3t batch 58500:59000
INFO:__main__:b3t batch 59000:59500
INFO:__main__:b3t batch 59500:60000
INFO:__main__:b3t batch 60000:60500
INFO:__main__:b3t batch 60500:61000
INFO:__main__:b3t batch 61000:61500
INFO:__main__:b3t batch 61500:62000
INFO:__main__:b3t batch 62000:62500
INFO:__main__:b3t batch 62500:63000
INFO:__main__:b3t batch 63000:63500
INFO:__main__:b3t batch 63500:64000
INFO:__main__:b3t batch 64000:64500
INFO:__main__:b3t batch 64500:65000
INFO:__main__:b3t batch 65000:65500
INFO:__main__:b3t batch 65500:66000
INFO:__main__:b3t batch 66000:66500
INFO:__main__:b3t batch 66500:67000
INFO:__main__:b3t batch 67000:67500
INFO:__main__:b3t batch 67500:68000
INFO:__main__:b3t batch 68000:68500
INFO:__main__:b3t batch 68500:69000
INFO:__main__:b3t batch 69000:69500
INFO:__main__:b3t batch 69500:70000
INFO:__main__:b3t batch 70000:70500
INFO:__main__:b3t batch 70500:71000
INFO:__main__:b3t batch 71000:71500
INFO:__main__:b3t batch 71500:72000
INFO:__main__:b3t batch 72000:72500
INFO:__main__:b3t batch 72500:73000
INFO:__main__:b3t batch 73000:73500
INFO:__main__:b3t batch 73500:74000
INFO:__main__:b3t batch 74000:74500
INFO:__main__:b3t batch 74500:75000
INFO:__main__:b3t batch 75000:75500
INFO:__main__:b3t batch 75500:76000
INFO:__main__:b3t batch 76000:76500
INFO:__main__:b3t batch 76500:77000
INFO:__main__:b3t batch 77000:77500
INFO:__main__:b3t batch 77500:78000
INFO:__main__:b3t batch 78000:78500
INFO:__main__:b3t batch 78500:79000
INFO:__main__:b3t batch 79000:79500
INFO:__main__:b3t batch 79500:80000
INFO:__main__:b3t batch 80000:80500
INFO:__main__:b3t batch 80500:81000
INFO:__main__:b3t batch 81000:81500
INFO:__main__:b3t batch 81500:82000
INFO:__main__:b3t batch 82000:82500
INFO:__main__:b3t batch 82500:83000
INFO:__main__:b3t batch 83000:83500
INFO:__main__:b3t batch 83500:84000
INFO:__main__:b3t batch 84000:84500
INFO:__main__:b3t batch 84500:85000
INFO:__main__:b3t batch 85000:85500
INFO:__main__:b3t batch 85500:86000
INFO:__main__:b3t batch 86000:86500
INFO:__main__:b3t batch 86500:87000
INFO:__main__:b3t batch 87000:87500
INFO:__main__:b3t batch 87500:88000
INFO:__main__:b3t batch 88000:88500
INFO:__main__:b3t batch 88500:89000
INFO:__main__:b3t batch 89000:89500
INFO:__main__:b3t batch 89500:90000
INFO:__main__:b3t batch 90000:90500
INFO:__main__:b3t batch 90500:91000
INFO:__main__:b3t batch 91000:91500
INFO:__main__:b3t batch 91500:92000
INFO:__main__:b3t batch 92000:92500
INFO:__main__:b3t batch 92500:93000
INFO:__main__:b3t batch 93000:93500
INFO:__main__:b3t batch 93500:94000
INFO:__main__:b3t batch 94000:94500
INFO:__main__:b3t batch 94500:95000
INFO:__main__:b3t batch 95000:95500
INFO:__main__:b3t batch 95500:96000
INFO:__main__:b3t batch 96000:96500
INFO:__main__:b3t batch 96500:97000
INFO:__main__:b3t batch 97000:97500
INFO:__main__:b3t batch 97500:98000
INFO:__main__:b3t batch 98000:98500
INFO:__main__:b3t batch 98500:99000
INFO:__main__:b3t batch 99000:99500
INFO:__main__:b3t batch 99500:100000
INFO:__main__:b3t batch 100000:100500
INFO:__main__:b3t batch 100500:101000
INFO:__main__:b3t batch 101000:101500
INFO:__main__:b3t batch 101500:102000
INFO:__main__:b3t batch 102000:102500
INFO:__main__:b3t batch 102500:103000
INFO:__main__:b3t batch 103000:103500
INFO:__main__:b3t batch 103500:104000
INFO:__main__:b3t batch 104000:104500
INFO:__main__:b3t batch 104500:105000
INFO:__main__:b3t batch 105000:105500
INFO:__main__:b3t batch 105500:106000
INFO:__main__:b3t batch 106000:106500
INFO:__main__:b3t batch 106500:107000
INFO:__main__:b3t batch 107000:107500
INFO:__main__:b3t batch 107500:108000
INFO:__main__:b3t batch 108000:108500
INFO:__main__:b3t batch 108500:109000
INFO:__main__:b3t batch 109000:109500
INFO:__main__:b3t batch 109500:110000
INFO:__main__:b3t batch 110000:110500
INFO:__main__:b3t batch 110500:111000
INFO:__main__:b3t batch 111000:111500
INFO:__main__:b3t batch 111500:112000
INFO:__main__:b3t batch 112000:112500
INFO:__main__:b3t batch 112500:113000
INFO:__main__:b3t batch 113000:113500
INFO:__main__:b3t batch 113500:114000
INFO:__main__:b3t batch 114000:114500
INFO:__main__:b3t batch 114500:115000
INFO:__main__:b3t batch 115000:115500
INFO:__main__:b3t batch 115500:116000
INFO:__main__:b3t batch 116000:116500
INFO:__main__:b3t batch 116500:117000
INFO:__main__:b3t batch 117000:117500
INFO:__main__:b3t batch 117500:118000
INFO:__main__:b3t batch 118000:118500
INFO:__main__:b3t batch 118500:119000
INFO:__main__:b3t batch 119000:119500
INFO:__main__:b3t batch 119500:120000
INFO:__main__:b3t batch 120000:120500
INFO:__main__:b3t batch 120500:121000
INFO:__main__:b3t batch 121000:121500
INFO:__main__:b3t batch 121500:122000
INFO:__main__:b3t batch 122000:122500
INFO:__main__:b3t batch 122500:123000
INFO:__main__:b3t batch 123000:123500
INFO:__main__:b3t batch 123500:124000
INFO:__main__:b3t batch 124000:124500
INFO:__main__:b3t batch 124500:125000
INFO:__main__:b3t batch 125000:125500
INFO:__main__:b3t batch 125500:126000
INFO:__main__:b3t batch 126000:126500
INFO:__main__:b3t batch 126500:127000
INFO:__main__:b3t batch 127000:127500
INFO:__main__:b3t batch 127500:128000
INFO:__main__:b3t batch 128000:128500
INFO:__main__:b3t batch 128500:129000
INFO:__main__:b3t batch 129000:129500
INFO:__main__:b3t batch 129500:130000
INFO:__main__:b3t batch 130000:130500
INFO:__main__:b3t batch 130500:131000
INFO:__main__:b3t batch 131000:131500
INFO:__main__:b3t batch 131500:132000
INFO:__main__:b3t batch 132000:132500
INFO:__main__:b3t batch 132500:133000
INFO:__main__:b3t batch 133000:133500
INFO:__main__:b3t batch 133500:134000
INFO:__main__:b3t batch 134000:134500
INFO:__main__:b3t batch 134500:135000
INFO:__main__:b3t batch 135000:135500
INFO:__main__:b3t batch 135500:136000
INFO:__main__:b3t batch 136000:136500
INFO:__main__:b3t batch 136500:137000
INFO:__main__:b3t batch 137000:137500
INFO:__main__:b3t batch 137500:138000
INFO:__main__:b3t batch 138000:138500
INFO:__main__:b3t batch 138500:139000
INFO:__main__:b3t batch 139000:139500
INFO:__main__:b3t batch 139500:140000
INFO:__main__:b3t batch 140000:140500
INFO:__main__:b3t batch 140500:141000
INFO:__main__:b3t batch 141000:141500
INFO:__main__:b3t batch 141500:142000
INFO:__main__:b3t batch 142000:142500
INFO:__main__:b3t batch 142500:143000
INFO:__main__:b3t batch 143000:143500
INFO:__main__:b3t batch 143500:144000
INFO:__main__:b3t batch 144000:144500
INFO:__main__:b3t batch 144500:145000
INFO:__main__:b3t batch 145000:145500
INFO:__main__:b3t batch 145500:146000
INFO:__main__:b3t batch 146000:146500
INFO:__main__:b3t batch 146500:147000
INFO:__main__:b3t batch 147000:147500
INFO:__main__:b3t batch 147500:148000
INFO:__main__:b3t batch 148000:148500
INFO:__main__:b3t batch 148500:149000
INFO:__main__:b3t batch 149000:149500
INFO:__main__:b3t batch 149500:150000
INFO:__main__:b3t batch 150000:150500
INFO:__main__:b3t batch 150500:151000
INFO:__main__:b3t batch 151000:151500
INFO:__main__:b3t batch 151500:152000
INFO:__main__:b3t batch 152000:152500
INFO:__main__:b3t batch 152500:153000
INFO:__main__:b3t batch 153000:153500
INFO:__main__:b3t batch 153500:154000
INFO:__main__:b3t batch 154000:154500
INFO:__main__:b3t batch 154500:155000
INFO:__main__:b3t batch 155000:155500
INFO:__main__:b3t batch 155500:156000
INFO:__main__:b3t batch 156000:156500
INFO:__main__:b3t batch 156500:157000
INFO:__main__:b3t batch 157000:157500
INFO:__main__:b3t batch 157500:158000
INFO:__main__:b3t batch 158000:158500
INFO:__main__:b3t batch 158500:159000
INFO:__main__:b3t batch 159000:159500
INFO:__main__:b3t batch 159500:160000
INFO:__main__:b3t batch 160000:160500
INFO:__main__:b3t batch 160500:161000
INFO:__main__:b3t batch 161000:161500
INFO:__main__:b3t batch 161500:162000
INFO:__main__:b3t batch 162000:162500
INFO:__main__:b3t batch 162500:163000
INFO:__main__:b3t batch 163000:163500
INFO:__main__:b3t batch 163500:164000
INFO:__main__:b3t batch 164000:164500
INFO:__main__:b3t batch 164500:165000
INFO:__main__:b3t batch 165000:165500
INFO:__main__:b3t batch 165500:166000
INFO:__main__:b3t batch 166000:166500
INFO:__main__:b3t batch 166500:167000
INFO:__main__:b3t batch 167000:167500
INFO:__main__:b3t batch 167500:168000
INFO:__main__:b3t batch 168000:168500
INFO:__main__:b3t batch 168500:169000
INFO:__main__:b3t batch 169000:169500
INFO:__main__:b3t batch 169500:170000
INFO:__main__:b3t batch 170000:170500
INFO:__main__:b3t batch 170500:171000
INFO:__main__:b3t batch 171000:171500
INFO:__main__:b3t batch 171500:172000
INFO:__main__:b3t batch 172000:172500
INFO:__main__:b3t batch 172500:173000
INFO:__main__:b3t batch 173000:173500
INFO:__main__:b3t batch 173500:174000
INFO:__main__:b3t batch 174000:174500
INFO:__main__:b3t batch 174500:175000
INFO:__main__:b3t batch 175000:175500
INFO:__main__:b3t batch 175500:176000
INFO:__main__:b3t batch 176000:176500
INFO:__main__:b3t batch 176500:177000
INFO:__main__:b3t batch 177000:177500
INFO:__main__:b3t batch 177500:178000
INFO:__main__:b3t batch 178000:178500
INFO:__main__:b3t batch 178500:179000
INFO:__main__:b3t batch 179000:179500
INFO:__main__:b3t batch 179500:180000
INFO:__main__:b3t batch 180000:180500
INFO:__main__:b3t batch 180500:181000
INFO:__main__:b3t batch 181000:181500
INFO:__main__:b3t batch 181500:182000
INFO:__main__:b3t batch 182000:182500
INFO:__main__:b3t batch 182500:183000
INFO:__main__:b3t batch 183000:183500
INFO:__main__:b3t batch 183500:184000
INFO:__main__:b3t batch 184000:184500
INFO:__main__:b3t batch 184500:185000
INFO:__main__:b3t batch 185000:185500
INFO:__main__:b3t batch 185500:186000
INFO:__main__:b3t batch 186000:186500
INFO:__main__:b3t batch 186500:187000
INFO:__main__:b3t batch 187000:187500
INFO:__main__:b3t batch 187500:188000
INFO:__main__:b3t batch 188000:188500
INFO:__main__:b3t batch 188500:189000
INFO:__main__:b3t batch 189000:189500
INFO:__main__:b3t batch 189500:190000
INFO:__main__:b3t batch 190000:190500
INFO:__main__:b3t batch 190500:191000
INFO:__main__:b3t batch 191000:191500
INFO:__main__:b3t batch 191500:192000
INFO:__main__:b3t batch 192000:192500
INFO:__main__:b3t batch 192500:193000
INFO:__main__:b3t batch 193000:193500
INFO:__main__:b3t batch 193500:194000
INFO:__main__:b3t batch 194000:194500
INFO:__main__:b3t batch 194500:195000
INFO:__main__:b3t batch 195000:195500
INFO:__main__:b3t batch 195500:196000
INFO:__main__:b3t batch 196000:196500
INFO:__main__:b3t batch 196500:197000
INFO:__main__:b3t batch 197000:197500
INFO:__main__:b3t batch 197500:198000
INFO:__main__:b3t batch 198000:198500
INFO:__main__:b3t batch 198500:199000
INFO:__main__:b3t batch 199000:199500
INFO:__main__:b3t batch 199500:200000
INFO:__main__:b3t batch 200000:200500
INFO:__main__:b3t batch 200500:201000
INFO:__main__:b3t batch 201000:201500
INFO:__main__:b3t batch 201500:202000
INFO:__main__:b3t batch 202000:202500
INFO:__main__:b3t batch 202500:203000
INFO:__main__:b3t batch 203000:203500
INFO:__main__:b3t batch 203500:204000
INFO:__main__:b3t batch 204000:204500
INFO:__main__:b3t batch 204500:205000
INFO:__main__:b3t batch 205000:205500
INFO:__main__:b3t batch 205500:206000
INFO:__main__:b3t batch 206000:206500
INFO:__main__:b3t batch 206500:207000
INFO:__main__:b3t batch 207000:207500
INFO:__main__:b3t batch 207500:208000
INFO:__main__:b3t batch 208000:208500
INFO:__main__:b3t batch 208500:209000
INFO:__main__:b3t batch 209000:209500
INFO:__main__:b3t batch 209500:210000
INFO:__main__:b3t batch 210000:210500
INFO:__main__:b3t batch 210500:211000
INFO:__main__:b3t batch 211000:211500
INFO:__main__:b3t batch 211500:212000
INFO:__main__:b3t batch 212000:212500
INFO:__main__:b3t batch 212500:213000
INFO:__main__:b3t batch 213000:213500
INFO:__main__:b3t batch 213500:214000
INFO:__main__:b3t batch 214000:214500
INFO:__main__:b3t batch 214500:215000
INFO:__main__:b3t batch 215000:215500
INFO:__main__:b3t batch 215500:216000
INFO:__main__:b3t batch 216000:216500
INFO:__main__:b3t batch 216500:217000
INFO:__main__:b3t batch 217000:217500
INFO:__main__:b3t batch 217500:218000
INFO:__main__:b3t batch 218000:218500
INFO:__main__:b3t batch 218500:219000
INFO:__main__:b3t batch 219000:219500
INFO:__main__:b3t batch 219500:220000
INFO:__main__:b3t batch 220000:220500
INFO:__main__:b3t batch 220500:221000
INFO:__main__:b3t batch 221000:221500
INFO:__main__:b3t batch 221500:222000
INFO:__main__:b3t batch 222000:222500
INFO:__main__:b3t batch 222500:223000
slurmstepd: error: *** JOB 311919 ON mlcbm013 CANCELLED AT 2026-01-13T17:36:46 DUE TO TIME LIMIT ***
