/weka/macke/mgloeckler90/dmri/figures/all_fig/./eval_fods.py:886: UserWarning: Pass ['bvecs'] as keyword args. From version 2.0.0 passing these as positional arguments will result in an error. 
  gtab = gradient_table(bvals, bvecs)
INFO:root:Continuing from step 2000000
INFO:__main__:b3t batch 0:500
INFO:__main__:b3t batch 500:1000
INFO:__main__:b3t batch 1000:1500
INFO:__main__:b3t batch 1500:2000
INFO:__main__:b3t batch 2000:2500
INFO:__main__:b3t batch 2500:3000
INFO:__main__:b3t batch 3000:3500
INFO:__main__:b3t batch 3500:4000
INFO:__main__:b3t batch 4000:4500
INFO:__main__:b3t batch 4500:5000
INFO:__main__:b3t batch 5000:5500
INFO:__main__:b3t batch 5500:6000
INFO:__main__:b3t batch 6000:6500
INFO:__main__:b3t batch 6500:7000
INFO:__main__:b3t batch 7000:7500
INFO:__main__:b3t batch 7500:8000
INFO:__main__:b3t batch 8000:8500
INFO:__main__:b3t batch 8500:9000
INFO:__main__:b3t batch 9000:9500
INFO:__main__:b3t batch 9500:10000
INFO:__main__:b3t batch 10000:10500
INFO:__main__:b3t batch 10500:11000
INFO:__main__:b3t batch 11000:11500
INFO:__main__:b3t batch 11500:12000
INFO:__main__:b3t batch 12000:12500
INFO:__main__:b3t batch 12500:13000
INFO:__main__:b3t batch 13000:13500
INFO:__main__:b3t batch 13500:14000
INFO:__main__:b3t batch 14000:14500
INFO:__main__:b3t batch 14500:15000
INFO:__main__:b3t batch 15000:15500
INFO:__main__:b3t batch 15500:16000
INFO:__main__:b3t batch 16000:16500
INFO:__main__:b3t batch 16500:17000
INFO:__main__:b3t batch 17000:17500
INFO:__main__:b3t batch 17500:18000
INFO:__main__:b3t batch 18000:18500
INFO:__main__:b3t batch 18500:19000
INFO:__main__:b3t batch 19000:19500
INFO:__main__:b3t batch 19500:20000
INFO:__main__:b3t batch 20000:20500
INFO:__main__:b3t batch 20500:21000
INFO:__main__:b3t batch 21000:21500
INFO:__main__:b3t batch 21500:22000
INFO:__main__:b3t batch 22000:22500
INFO:__main__:b3t batch 22500:23000
INFO:__main__:b3t batch 23000:23500
INFO:__main__:b3t batch 23500:24000
INFO:__main__:b3t batch 24000:24500
INFO:__main__:b3t batch 24500:25000
INFO:__main__:b3t batch 25000:25500
INFO:__main__:b3t batch 25500:26000
INFO:__main__:b3t batch 26000:26500
INFO:__main__:b3t batch 26500:27000
INFO:__main__:b3t batch 27000:27500
INFO:__main__:b3t batch 27500:28000
INFO:__main__:b3t batch 28000:28500
INFO:__main__:b3t batch 28500:29000
INFO:__main__:b3t batch 29000:29500
INFO:__main__:b3t batch 29500:30000
INFO:__main__:b3t batch 30000:30500
INFO:__main__:b3t batch 30500:31000
INFO:__main__:b3t batch 31000:31500
INFO:__main__:b3t batch 31500:32000
INFO:__main__:b3t batch 32000:32500
INFO:__main__:b3t batch 32500:33000
INFO:__main__:b3t batch 33000:33500
INFO:__main__:b3t batch 33500:34000
INFO:__main__:b3t batch 34000:34500
INFO:__main__:b3t batch 34500:35000
INFO:__main__:b3t batch 35000:35500
INFO:__main__:b3t batch 35500:36000
INFO:__main__:b3t batch 36000:36500
INFO:__main__:b3t batch 36500:37000
INFO:__main__:b3t batch 37000:37500
INFO:__main__:b3t batch 37500:38000
INFO:__main__:b3t batch 38000:38500
INFO:__main__:b3t batch 38500:39000
INFO:__main__:b3t batch 39000:39500
INFO:__main__:b3t batch 39500:40000
INFO:__main__:b3t batch 40000:40500
INFO:__main__:b3t batch 40500:41000
INFO:__main__:b3t batch 41000:41500
INFO:__main__:b3t batch 41500:42000
INFO:__main__:b3t batch 42000:42500
INFO:__main__:b3t batch 42500:43000
INFO:__main__:b3t batch 43000:43500
INFO:__main__:b3t batch 43500:44000
INFO:__main__:b3t batch 44000:44500
INFO:__main__:b3t batch 44500:45000
INFO:__main__:b3t batch 45000:45500
INFO:__main__:b3t batch 45500:46000
INFO:__main__:b3t batch 46000:46500
INFO:__main__:b3t batch 46500:47000
INFO:__main__:b3t batch 47000:47500
INFO:__main__:b3t batch 47500:48000
INFO:__main__:b3t batch 48000:48500
INFO:__main__:b3t batch 48500:49000
INFO:__main__:b3t batch 49000:49500
INFO:__main__:b3t batch 49500:50000
INFO:__main__:b3t batch 50000:50500
INFO:__main__:b3t batch 50500:51000
INFO:__main__:b3t batch 51000:51500
INFO:__main__:b3t batch 51500:52000
INFO:__main__:b3t batch 52000:52500
INFO:__main__:b3t batch 52500:53000
INFO:__main__:b3t batch 53000:53500
INFO:__main__:b3t batch 53500:54000
INFO:__main__:b3t batch 54000:54500
INFO:__main__:b3t batch 54500:55000
INFO:__main__:b3t batch 55000:55500
INFO:__main__:b3t batch 55500:56000
INFO:__main__:b3t batch 56000:56500
INFO:__main__:b3t batch 56500:57000
INFO:__main__:b3t batch 57000:57500
INFO:__main__:b3t batch 57500:58000
INFO:__main__:b3t batch 58000:58500
INFO:__main__:b3t batch 58500:59000
INFO:__main__:b3t batch 59000:59500
INFO:__main__:b3t batch 59500:60000
INFO:__main__:b3t batch 60000:60500
INFO:__main__:b3t batch 60500:61000
INFO:__main__:b3t batch 61000:61500
INFO:__main__:b3t batch 61500:62000
INFO:__main__:b3t batch 62000:62500
INFO:__main__:b3t batch 62500:63000
INFO:__main__:b3t batch 63000:63500
INFO:__main__:b3t batch 63500:64000
INFO:__main__:b3t batch 64000:64500
INFO:__main__:b3t batch 64500:65000
INFO:__main__:b3t batch 65000:65500
INFO:__main__:b3t batch 65500:66000
INFO:__main__:b3t batch 66000:66500
INFO:__main__:b3t batch 66500:67000
INFO:__main__:b3t batch 67000:67500
INFO:__main__:b3t batch 67500:68000
INFO:__main__:b3t batch 68000:68500
INFO:__main__:b3t batch 68500:69000
INFO:__main__:b3t batch 69000:69500
INFO:__main__:b3t batch 69500:70000
INFO:__main__:b3t batch 70000:70500
INFO:__main__:b3t batch 70500:71000
INFO:__main__:b3t batch 71000:71500
INFO:__main__:b3t batch 71500:72000
INFO:__main__:b3t batch 72000:72500
INFO:__main__:b3t batch 72500:73000
INFO:__main__:b3t batch 73000:73500
INFO:__main__:b3t batch 73500:74000
INFO:__main__:b3t batch 74000:74500
INFO:__main__:b3t batch 74500:75000
INFO:__main__:b3t batch 75000:75500
INFO:__main__:b3t batch 75500:76000
INFO:__main__:b3t batch 76000:76500
INFO:__main__:b3t batch 76500:77000
INFO:__main__:b3t batch 77000:77500
INFO:__main__:b3t batch 77500:78000
INFO:__main__:b3t batch 78000:78500
INFO:__main__:b3t batch 78500:79000
INFO:__main__:b3t batch 79000:79500
INFO:__main__:b3t batch 79500:80000
INFO:__main__:b3t batch 80000:80500
INFO:__main__:b3t batch 80500:81000
INFO:__main__:b3t batch 81000:81500
INFO:__main__:b3t batch 81500:82000
INFO:__main__:b3t batch 82000:82500
INFO:__main__:b3t batch 82500:83000
INFO:__main__:b3t batch 83000:83500
INFO:__main__:b3t batch 83500:84000
INFO:__main__:b3t batch 84000:84500
INFO:__main__:b3t batch 84500:85000
INFO:__main__:b3t batch 85000:85500
INFO:__main__:b3t batch 85500:86000
INFO:__main__:b3t batch 86000:86500
INFO:__main__:b3t batch 86500:87000
INFO:__main__:b3t batch 87000:87500
INFO:__main__:b3t batch 87500:88000
INFO:__main__:b3t batch 88000:88500
INFO:__main__:b3t batch 88500:89000
INFO:__main__:b3t batch 89000:89500
INFO:__main__:b3t batch 89500:90000
INFO:__main__:b3t batch 90000:90500
INFO:__main__:b3t batch 90500:91000
INFO:__main__:b3t batch 91000:91500
INFO:__main__:b3t batch 91500:92000
INFO:__main__:b3t batch 92000:92500
INFO:__main__:b3t batch 92500:93000
INFO:__main__:b3t batch 93000:93500
INFO:__main__:b3t batch 93500:94000
INFO:__main__:b3t batch 94000:94500
INFO:__main__:b3t batch 94500:95000
INFO:__main__:b3t batch 95000:95500
INFO:__main__:b3t batch 95500:96000
INFO:__main__:b3t batch 96000:96500
INFO:__main__:b3t batch 96500:97000
INFO:__main__:b3t batch 97000:97500
INFO:__main__:b3t batch 97500:98000
INFO:__main__:b3t batch 98000:98500
INFO:__main__:b3t batch 98500:99000
INFO:__main__:b3t batch 99000:99500
INFO:__main__:b3t batch 99500:100000
INFO:__main__:b3t batch 100000:100500
INFO:__main__:b3t batch 100500:101000
INFO:__main__:b3t batch 101000:101500
INFO:__main__:b3t batch 101500:102000
INFO:__main__:b3t batch 102000:102500
INFO:__main__:b3t batch 102500:103000
INFO:__main__:b3t batch 103000:103500
INFO:__main__:b3t batch 103500:104000
INFO:__main__:b3t batch 104000:104500
INFO:__main__:b3t batch 104500:105000
INFO:__main__:b3t batch 105000:105500
INFO:__main__:b3t batch 105500:106000
INFO:__main__:b3t batch 106000:106500
INFO:__main__:b3t batch 106500:107000
INFO:__main__:b3t batch 107000:107500
INFO:__main__:b3t batch 107500:108000
INFO:__main__:b3t batch 108000:108500
INFO:__main__:b3t batch 108500:109000
INFO:__main__:b3t batch 109000:109500
INFO:__main__:b3t batch 109500:110000
INFO:__main__:b3t batch 110000:110500
INFO:__main__:b3t batch 110500:111000
INFO:__main__:b3t batch 111000:111500
INFO:__main__:b3t batch 111500:112000
INFO:__main__:b3t batch 112000:112500
INFO:__main__:b3t batch 112500:113000
INFO:__main__:b3t batch 113000:113500
INFO:__main__:b3t batch 113500:114000
INFO:__main__:b3t batch 114000:114500
INFO:__main__:b3t batch 114500:115000
INFO:__main__:b3t batch 115000:115500
INFO:__main__:b3t batch 115500:116000
INFO:__main__:b3t batch 116000:116500
INFO:__main__:b3t batch 116500:117000
INFO:__main__:b3t batch 117000:117500
INFO:__main__:b3t batch 117500:118000
INFO:__main__:b3t batch 118000:118500
INFO:__main__:b3t batch 118500:119000
INFO:__main__:b3t batch 119000:119500
INFO:__main__:b3t batch 119500:120000
INFO:__main__:b3t batch 120000:120500
INFO:__main__:b3t batch 120500:121000
INFO:__main__:b3t batch 121000:121500
INFO:__main__:b3t batch 121500:122000
INFO:__main__:b3t batch 122000:122500
INFO:__main__:b3t batch 122500:123000
INFO:__main__:b3t batch 123000:123500
INFO:__main__:b3t batch 123500:124000
INFO:__main__:b3t batch 124000:124500
INFO:__main__:b3t batch 124500:125000
INFO:__main__:b3t batch 125000:125500
INFO:__main__:b3t batch 125500:126000
INFO:__main__:b3t batch 126000:126500
INFO:__main__:b3t batch 126500:127000
INFO:__main__:b3t batch 127000:127500
INFO:__main__:b3t batch 127500:128000
INFO:__main__:b3t batch 128000:128500
INFO:__main__:b3t batch 128500:129000
INFO:__main__:b3t batch 129000:129500
INFO:__main__:b3t batch 129500:130000
INFO:__main__:b3t batch 130000:130500
INFO:__main__:b3t batch 130500:131000
INFO:__main__:b3t batch 131000:131500
INFO:__main__:b3t batch 131500:132000
INFO:__main__:b3t batch 132000:132500
INFO:__main__:b3t batch 132500:133000
INFO:__main__:b3t batch 133000:133500
INFO:__main__:b3t batch 133500:134000
INFO:__main__:b3t batch 134000:134500
INFO:__main__:b3t batch 134500:135000
INFO:__main__:b3t batch 135000:135500
INFO:__main__:b3t batch 135500:136000
INFO:__main__:b3t batch 136000:136500
INFO:__main__:b3t batch 136500:137000
INFO:__main__:b3t batch 137000:137500
INFO:__main__:b3t batch 137500:138000
INFO:__main__:b3t batch 138000:138500
INFO:__main__:b3t batch 138500:139000
INFO:__main__:b3t batch 139000:139500
INFO:__main__:b3t batch 139500:140000
INFO:__main__:b3t batch 140000:140500
INFO:__main__:b3t batch 140500:141000
INFO:__main__:b3t batch 141000:141500
INFO:__main__:b3t batch 141500:142000
INFO:__main__:b3t batch 142000:142500
INFO:__main__:b3t batch 142500:143000
INFO:__main__:b3t batch 143000:143500
INFO:__main__:b3t batch 143500:144000
INFO:__main__:b3t batch 144000:144500
INFO:__main__:b3t batch 144500:145000
INFO:__main__:b3t batch 145000:145500
INFO:__main__:b3t batch 145500:146000
INFO:__main__:b3t batch 146000:146500
INFO:__main__:b3t batch 146500:147000
INFO:__main__:b3t batch 147000:147500
INFO:__main__:b3t batch 147500:148000
INFO:__main__:b3t batch 148000:148500
INFO:__main__:b3t batch 148500:149000
INFO:__main__:b3t batch 149000:149500
INFO:__main__:b3t batch 149500:150000
INFO:__main__:b3t batch 150000:150500
INFO:__main__:b3t batch 150500:151000
INFO:__main__:b3t batch 151000:151500
INFO:__main__:b3t batch 151500:152000
INFO:__main__:b3t batch 152000:152500
INFO:__main__:b3t batch 152500:153000
INFO:__main__:b3t batch 153000:153500
INFO:__main__:b3t batch 153500:154000
INFO:__main__:b3t batch 154000:154500
INFO:__main__:b3t batch 154500:155000
INFO:__main__:b3t batch 155000:155500
INFO:__main__:b3t batch 155500:156000
INFO:__main__:b3t batch 156000:156500
INFO:__main__:b3t batch 156500:157000
INFO:__main__:b3t batch 157000:157500
INFO:__main__:b3t batch 157500:158000
INFO:__main__:b3t batch 158000:158500
INFO:__main__:b3t batch 158500:159000
INFO:__main__:b3t batch 159000:159500
INFO:__main__:b3t batch 159500:160000
INFO:__main__:b3t batch 160000:160500
INFO:__main__:b3t batch 160500:161000
INFO:__main__:b3t batch 161000:161500
INFO:__main__:b3t batch 161500:162000
INFO:__main__:b3t batch 162000:162500
INFO:__main__:b3t batch 162500:163000
INFO:__main__:b3t batch 163000:163500
INFO:__main__:b3t batch 163500:164000
INFO:__main__:b3t batch 164000:164500
INFO:__main__:b3t batch 164500:165000
INFO:__main__:b3t batch 165000:165500
INFO:__main__:b3t batch 165500:166000
INFO:__main__:b3t batch 166000:166500
INFO:__main__:b3t batch 166500:167000
INFO:__main__:b3t batch 167000:167500
INFO:__main__:b3t batch 167500:168000
INFO:__main__:b3t batch 168000:168500
INFO:__main__:b3t batch 168500:169000
INFO:__main__:b3t batch 169000:169500
INFO:__main__:b3t batch 169500:170000
INFO:__main__:b3t batch 170000:170500
INFO:__main__:b3t batch 170500:171000
INFO:__main__:b3t batch 171000:171500
INFO:__main__:b3t batch 171500:172000
INFO:__main__:b3t batch 172000:172500
INFO:__main__:b3t batch 172500:173000
INFO:__main__:b3t batch 173000:173500
INFO:__main__:b3t batch 173500:174000
INFO:__main__:b3t batch 174000:174500
INFO:__main__:b3t batch 174500:175000
INFO:__main__:b3t batch 175000:175500
INFO:__main__:b3t batch 175500:176000
INFO:__main__:b3t batch 176000:176500
INFO:__main__:b3t batch 176500:177000
INFO:__main__:b3t batch 177000:177500
INFO:__main__:b3t batch 177500:178000
INFO:__main__:b3t batch 178000:178500
INFO:__main__:b3t batch 178500:179000
INFO:__main__:b3t batch 179000:179500
INFO:__main__:b3t batch 179500:180000
INFO:__main__:b3t batch 180000:180500
INFO:__main__:b3t batch 180500:181000
INFO:__main__:b3t batch 181000:181500
INFO:__main__:b3t batch 181500:182000
INFO:__main__:b3t batch 182000:182500
INFO:__main__:b3t batch 182500:183000
INFO:__main__:b3t batch 183000:183500
INFO:__main__:b3t batch 183500:184000
slurmstepd: error: *** JOB 311652 ON mlcbm010 CANCELLED AT 2026-01-12T12:58:46 DUE TO TIME LIMIT ***
