/weka/macke/mgloeckler90/dmri/figures/all_fig/./eval_fods.py:886: UserWarning: Pass ['bvecs'] as keyword args. From version 2.0.0 passing these as positional arguments will result in an error. 
  gtab = gradient_table(bvals, bvecs)
INFO:root:Continuing from step 2000000
INFO:__main__:b3s batch 0:500
INFO:__main__:b3s batch 500:1000
INFO:__main__:b3s batch 1000:1500
INFO:__main__:b3s batch 1500:2000
INFO:__main__:b3s batch 2000:2500
INFO:__main__:b3s batch 2500:3000
INFO:__main__:b3s batch 3000:3500
INFO:__main__:b3s batch 3500:4000
INFO:__main__:b3s batch 4000:4500
INFO:__main__:b3s batch 4500:5000
INFO:__main__:b3s batch 5000:5500
INFO:__main__:b3s batch 5500:6000
INFO:__main__:b3s batch 6000:6500
INFO:__main__:b3s batch 6500:7000
INFO:__main__:b3s batch 7000:7500
INFO:__main__:b3s batch 7500:8000
INFO:__main__:b3s batch 8000:8500
INFO:__main__:b3s batch 8500:9000
INFO:__main__:b3s batch 9000:9500
INFO:__main__:b3s batch 9500:10000
INFO:__main__:b3s batch 10000:10500
INFO:__main__:b3s batch 10500:11000
INFO:__main__:b3s batch 11000:11500
INFO:__main__:b3s batch 11500:12000
INFO:__main__:b3s batch 12000:12500
INFO:__main__:b3s batch 12500:13000
INFO:__main__:b3s batch 13000:13500
INFO:__main__:b3s batch 13500:14000
INFO:__main__:b3s batch 14000:14500
INFO:__main__:b3s batch 14500:15000
INFO:__main__:b3s batch 15000:15500
INFO:__main__:b3s batch 15500:16000
INFO:__main__:b3s batch 16000:16500
INFO:__main__:b3s batch 16500:17000
INFO:__main__:b3s batch 17000:17500
INFO:__main__:b3s batch 17500:18000
INFO:__main__:b3s batch 18000:18500
INFO:__main__:b3s batch 18500:19000
INFO:__main__:b3s batch 19000:19500
INFO:__main__:b3s batch 19500:20000
INFO:__main__:b3s batch 20000:20500
INFO:__main__:b3s batch 20500:21000
INFO:__main__:b3s batch 21000:21500
INFO:__main__:b3s batch 21500:22000
INFO:__main__:b3s batch 22000:22500
INFO:__main__:b3s batch 22500:23000
INFO:__main__:b3s batch 23000:23500
INFO:__main__:b3s batch 23500:24000
INFO:__main__:b3s batch 24000:24500
INFO:__main__:b3s batch 24500:25000
INFO:__main__:b3s batch 25000:25500
INFO:__main__:b3s batch 25500:26000
INFO:__main__:b3s batch 26000:26500
INFO:__main__:b3s batch 26500:27000
INFO:__main__:b3s batch 27000:27500
INFO:__main__:b3s batch 27500:28000
INFO:__main__:b3s batch 28000:28500
INFO:__main__:b3s batch 28500:29000
INFO:__main__:b3s batch 29000:29500
INFO:__main__:b3s batch 29500:30000
INFO:__main__:b3s batch 30000:30500
INFO:__main__:b3s batch 30500:31000
INFO:__main__:b3s batch 31000:31500
INFO:__main__:b3s batch 31500:32000
INFO:__main__:b3s batch 32000:32500
INFO:__main__:b3s batch 32500:33000
INFO:__main__:b3s batch 33000:33500
INFO:__main__:b3s batch 33500:34000
INFO:__main__:b3s batch 34000:34500
INFO:__main__:b3s batch 34500:35000
INFO:__main__:b3s batch 35000:35500
INFO:__main__:b3s batch 35500:36000
INFO:__main__:b3s batch 36000:36500
INFO:__main__:b3s batch 36500:37000
INFO:__main__:b3s batch 37000:37500
INFO:__main__:b3s batch 37500:38000
INFO:__main__:b3s batch 38000:38500
INFO:__main__:b3s batch 38500:39000
INFO:__main__:b3s batch 39000:39500
INFO:__main__:b3s batch 39500:40000
INFO:__main__:b3s batch 40000:40500
INFO:__main__:b3s batch 40500:41000
INFO:__main__:b3s batch 41000:41500
INFO:__main__:b3s batch 41500:42000
INFO:__main__:b3s batch 42000:42500
INFO:__main__:b3s batch 42500:43000
INFO:__main__:b3s batch 43000:43500
INFO:__main__:b3s batch 43500:44000
INFO:__main__:b3s batch 44000:44500
INFO:__main__:b3s batch 44500:45000
INFO:__main__:b3s batch 45000:45500
INFO:__main__:b3s batch 45500:46000
INFO:__main__:b3s batch 46000:46500
INFO:__main__:b3s batch 46500:47000
INFO:__main__:b3s batch 47000:47500
INFO:__main__:b3s batch 47500:48000
INFO:__main__:b3s batch 48000:48500
INFO:__main__:b3s batch 48500:49000
INFO:__main__:b3s batch 49000:49500
INFO:__main__:b3s batch 49500:50000
INFO:__main__:b3s batch 50000:50500
INFO:__main__:b3s batch 50500:51000
INFO:__main__:b3s batch 51000:51500
INFO:__main__:b3s batch 51500:52000
INFO:__main__:b3s batch 52000:52500
INFO:__main__:b3s batch 52500:53000
INFO:__main__:b3s batch 53000:53500
INFO:__main__:b3s batch 53500:54000
INFO:__main__:b3s batch 54000:54500
INFO:__main__:b3s batch 54500:55000
INFO:__main__:b3s batch 55000:55500
INFO:__main__:b3s batch 55500:56000
INFO:__main__:b3s batch 56000:56500
INFO:__main__:b3s batch 56500:57000
INFO:__main__:b3s batch 57000:57500
INFO:__main__:b3s batch 57500:58000
INFO:__main__:b3s batch 58000:58500
INFO:__main__:b3s batch 58500:59000
INFO:__main__:b3s batch 59000:59500
INFO:__main__:b3s batch 59500:60000
INFO:__main__:b3s batch 60000:60500
INFO:__main__:b3s batch 60500:61000
INFO:__main__:b3s batch 61000:61500
INFO:__main__:b3s batch 61500:62000
INFO:__main__:b3s batch 62000:62500
INFO:__main__:b3s batch 62500:63000
INFO:__main__:b3s batch 63000:63500
INFO:__main__:b3s batch 63500:64000
INFO:__main__:b3s batch 64000:64500
INFO:__main__:b3s batch 64500:65000
INFO:__main__:b3s batch 65000:65500
INFO:__main__:b3s batch 65500:66000
INFO:__main__:b3s batch 66000:66500
INFO:__main__:b3s batch 66500:67000
INFO:__main__:b3s batch 67000:67500
INFO:__main__:b3s batch 67500:68000
INFO:__main__:b3s batch 68000:68500
INFO:__main__:b3s batch 68500:69000
INFO:__main__:b3s batch 69000:69500
INFO:__main__:b3s batch 69500:70000
INFO:__main__:b3s batch 70000:70500
INFO:__main__:b3s batch 70500:71000
INFO:__main__:b3s batch 71000:71500
INFO:__main__:b3s batch 71500:72000
INFO:__main__:b3s batch 72000:72500
INFO:__main__:b3s batch 72500:73000
INFO:__main__:b3s batch 73000:73500
INFO:__main__:b3s batch 73500:74000
INFO:__main__:b3s batch 74000:74500
INFO:__main__:b3s batch 74500:75000
INFO:__main__:b3s batch 75000:75500
INFO:__main__:b3s batch 75500:76000
INFO:__main__:b3s batch 76000:76500
INFO:__main__:b3s batch 76500:77000
INFO:__main__:b3s batch 77000:77500
INFO:__main__:b3s batch 77500:78000
INFO:__main__:b3s batch 78000:78500
INFO:__main__:b3s batch 78500:79000
INFO:__main__:b3s batch 79000:79500
INFO:__main__:b3s batch 79500:80000
INFO:__main__:b3s batch 80000:80500
INFO:__main__:b3s batch 80500:81000
INFO:__main__:b3s batch 81000:81500
INFO:__main__:b3s batch 81500:82000
INFO:__main__:b3s batch 82000:82500
INFO:__main__:b3s batch 82500:83000
INFO:__main__:b3s batch 83000:83500
INFO:__main__:b3s batch 83500:84000
INFO:__main__:b3s batch 84000:84500
INFO:__main__:b3s batch 84500:85000
INFO:__main__:b3s batch 85000:85500
INFO:__main__:b3s batch 85500:86000
INFO:__main__:b3s batch 86000:86500
INFO:__main__:b3s batch 86500:87000
INFO:__main__:b3s batch 87000:87500
INFO:__main__:b3s batch 87500:88000
INFO:__main__:b3s batch 88000:88500
INFO:__main__:b3s batch 88500:89000
INFO:__main__:b3s batch 89000:89500
INFO:__main__:b3s batch 89500:90000
INFO:__main__:b3s batch 90000:90500
INFO:__main__:b3s batch 90500:91000
INFO:__main__:b3s batch 91000:91500
INFO:__main__:b3s batch 91500:92000
INFO:__main__:b3s batch 92000:92500
INFO:__main__:b3s batch 92500:93000
INFO:__main__:b3s batch 93000:93500
INFO:__main__:b3s batch 93500:94000
INFO:__main__:b3s batch 94000:94500
INFO:__main__:b3s batch 94500:95000
INFO:__main__:b3s batch 95000:95500
INFO:__main__:b3s batch 95500:96000
INFO:__main__:b3s batch 96000:96500
INFO:__main__:b3s batch 96500:97000
INFO:__main__:b3s batch 97000:97500
INFO:__main__:b3s batch 97500:98000
INFO:__main__:b3s batch 98000:98500
INFO:__main__:b3s batch 98500:99000
INFO:__main__:b3s batch 99000:99500
INFO:__main__:b3s batch 99500:100000
INFO:__main__:b3s batch 100000:100500
INFO:__main__:b3s batch 100500:101000
INFO:__main__:b3s batch 101000:101500
INFO:__main__:b3s batch 101500:102000
INFO:__main__:b3s batch 102000:102500
INFO:__main__:b3s batch 102500:103000
INFO:__main__:b3s batch 103000:103500
INFO:__main__:b3s batch 103500:104000
INFO:__main__:b3s batch 104000:104500
INFO:__main__:b3s batch 104500:105000
INFO:__main__:b3s batch 105000:105500
INFO:__main__:b3s batch 105500:106000
INFO:__main__:b3s batch 106000:106500
INFO:__main__:b3s batch 106500:107000
INFO:__main__:b3s batch 107000:107500
INFO:__main__:b3s batch 107500:108000
INFO:__main__:b3s batch 108000:108500
INFO:__main__:b3s batch 108500:109000
INFO:__main__:b3s batch 109000:109500
INFO:__main__:b3s batch 109500:110000
INFO:__main__:b3s batch 110000:110500
INFO:__main__:b3s batch 110500:111000
INFO:__main__:b3s batch 111000:111500
INFO:__main__:b3s batch 111500:112000
INFO:__main__:b3s batch 112000:112500
INFO:__main__:b3s batch 112500:113000
INFO:__main__:b3s batch 113000:113500
INFO:__main__:b3s batch 113500:114000
INFO:__main__:b3s batch 114000:114500
INFO:__main__:b3s batch 114500:115000
INFO:__main__:b3s batch 115000:115500
INFO:__main__:b3s batch 115500:116000
INFO:__main__:b3s batch 116000:116500
INFO:__main__:b3s batch 116500:117000
INFO:__main__:b3s batch 117000:117500
INFO:__main__:b3s batch 117500:118000
INFO:__main__:b3s batch 118000:118500
INFO:__main__:b3s batch 118500:119000
INFO:__main__:b3s batch 119000:119500
INFO:__main__:b3s batch 119500:120000
INFO:__main__:b3s batch 120000:120500
INFO:__main__:b3s batch 120500:121000
INFO:__main__:b3s batch 121000:121500
INFO:__main__:b3s batch 121500:122000
INFO:__main__:b3s batch 122000:122500
INFO:__main__:b3s batch 122500:123000
INFO:__main__:b3s batch 123000:123500
INFO:__main__:b3s batch 123500:124000
INFO:__main__:b3s batch 124000:124500
INFO:__main__:b3s batch 124500:125000
INFO:__main__:b3s batch 125000:125500
INFO:__main__:b3s batch 125500:126000
INFO:__main__:b3s batch 126000:126500
INFO:__main__:b3s batch 126500:127000
INFO:__main__:b3s batch 127000:127500
INFO:__main__:b3s batch 127500:128000
INFO:__main__:b3s batch 128000:128500
INFO:__main__:b3s batch 128500:129000
INFO:__main__:b3s batch 129000:129500
INFO:__main__:b3s batch 129500:130000
INFO:__main__:b3s batch 130000:130500
INFO:__main__:b3s batch 130500:131000
INFO:__main__:b3s batch 131000:131500
INFO:__main__:b3s batch 131500:132000
INFO:__main__:b3s batch 132000:132500
INFO:__main__:b3s batch 132500:133000
slurmstepd: error: *** JOB 311653 ON mlcbm005 CANCELLED AT 2026-01-12T12:59:17 DUE TO TIME LIMIT ***
